nonchywsl@Nonchalant:~/freelist_formal$ sby -f freelist.sby
SBY 13:31:48 [freelist] Removing directory '/home/nonchywsl/freelist_formal/freelist'.
SBY 13:31:48 [freelist] Copy '/home/nonchywsl/freelist_formal/free_list.sv' to '/home/nonchywsl/freelist_formal/freelist/src/free_list.sv'.
SBY 13:31:48 [freelist] Copy '/home/nonchywsl/freelist_formal/freelist_formalverif.sv' to '/home/nonchywsl/freelist_formal/freelist/src/freelist_formalverif.sv'.
SBY 13:31:48 [freelist] Copy '/home/nonchywsl/freelist_formal/freelist_bind.sv' to '/home/nonchywsl/freelist_formal/freelist/src/freelist_bind.sv'.
SBY 13:31:48 [freelist] engine_0: smtbmc z3
SBY 13:31:48 [freelist] base: starting process "cd freelist/src; yosys -ql ../model/design.log ../model/design.ys"
SBY 13:31:48 [freelist] base: finished (returncode=0)
SBY 13:31:48 [freelist] prep: starting process "cd freelist/model; yosys -ql design_prep.log design_prep.ys"
SBY 13:31:48 [freelist] prep: finished (returncode=0)
SBY 13:31:48 [freelist] smt2: starting process "cd freelist/model; yosys -ql design_smt2.log design_smt2.ys"
SBY 13:31:48 [freelist] smt2: finished (returncode=0)
SBY 13:31:48 [freelist] engine_0: starting process "cd freelist; yosys-smtbmc -s z3 --presat --noprogress -t 20  --append 0 --dump-vcd engine_0/trace.vcd --dump-yw engine_0/trace.yw --dump-vlogtb engine_0/trace_tb.v --dump-smtc engine_0/trace.smtc model/design_smt2.smt2"
SBY 13:31:48 [freelist] engine_0: ##   0:00:00  Solver: z3
SBY 13:31:49 [freelist] engine_0: ##   0:00:00  Checking assumptions in step 0..
SBY 13:31:50 [freelist] engine_0: ##   0:00:01  Checking assertions in step 0..
SBY 13:31:50 [freelist] engine_0: ##   0:00:01  Checking assumptions in step 1..
SBY 13:31:50 [freelist] engine_0: ##   0:00:01  Checking assertions in step 1..
SBY 13:31:50 [freelist] engine_0: ##   0:00:01  Checking assumptions in step 2..
SBY 13:31:50 [freelist] engine_0: ##   0:00:01  Checking assertions in step 2..
SBY 13:31:50 [freelist] engine_0: ##   0:00:01  Checking assumptions in step 3..
SBY 13:31:50 [freelist] engine_0: ##   0:00:01  Checking assertions in step 3..
SBY 13:31:50 [freelist] engine_0: ##   0:00:01  Checking assumptions in step 4..
SBY 13:31:50 [freelist] engine_0: ##   0:00:01  Checking assertions in step 4..
SBY 13:31:50 [freelist] engine_0: ##   0:00:01  Checking assumptions in step 5..
SBY 13:31:51 [freelist] engine_0: ##   0:00:02  Checking assertions in step 5..
SBY 13:31:51 [freelist] engine_0: ##   0:00:02  Checking assumptions in step 6..
SBY 13:31:51 [freelist] engine_0: ##   0:00:02  Checking assertions in step 6..
SBY 13:31:51 [freelist] engine_0: ##   0:00:02  Checking assumptions in step 7..
SBY 13:31:51 [freelist] engine_0: ##   0:00:02  Checking assertions in step 7..
SBY 13:31:51 [freelist] engine_0: ##   0:00:02  Checking assumptions in step 8..
SBY 13:31:51 [freelist] engine_0: ##   0:00:02  Checking assertions in step 8..
SBY 13:31:51 [freelist] engine_0: ##   0:00:02  Checking assumptions in step 9..
SBY 13:31:51 [freelist] engine_0: ##   0:00:02  Checking assertions in step 9..
SBY 13:31:51 [freelist] engine_0: ##   0:00:02  Checking assumptions in step 10..
SBY 13:31:51 [freelist] engine_0: ##   0:00:02  Checking assertions in step 10..
SBY 13:31:51 [freelist] engine_0: ##   0:00:02  Checking assumptions in step 11..
SBY 13:31:51 [freelist] engine_0: ##   0:00:02  Checking assertions in step 11..
SBY 13:31:51 [freelist] engine_0: ##   0:00:02  Checking assumptions in step 12..
SBY 13:31:52 [freelist] engine_0: ##   0:00:03  Checking assertions in step 12..
SBY 13:31:52 [freelist] engine_0: ##   0:00:03  Checking assumptions in step 13..
SBY 13:31:52 [freelist] engine_0: ##   0:00:03  Checking assertions in step 13..
SBY 13:31:52 [freelist] engine_0: ##   0:00:03  Checking assumptions in step 14..
SBY 13:31:52 [freelist] engine_0: ##   0:00:03  Checking assertions in step 14..
SBY 13:31:52 [freelist] engine_0: ##   0:00:03  Checking assumptions in step 15..
SBY 13:31:56 [freelist] engine_0: ##   0:00:07  Checking assertions in step 15..
SBY 13:31:56 [freelist] engine_0: ##   0:00:07  Checking assumptions in step 16..
SBY 13:31:58 [freelist] engine_0: ##   0:00:09  Checking assertions in step 16..
SBY 13:31:58 [freelist] engine_0: ##   0:00:09  Checking assumptions in step 17..
SBY 13:31:58 [freelist] engine_0: ##   0:00:09  Checking assertions in step 17..
SBY 13:31:58 [freelist] engine_0: ##   0:00:09  Checking assumptions in step 18..
SBY 13:31:58 [freelist] engine_0: ##   0:00:09  Checking assertions in step 18..
SBY 13:31:58 [freelist] engine_0: ##   0:00:09  Checking assumptions in step 19..
SBY 13:31:59 [freelist] engine_0: ##   0:00:10  Checking assertions in step 19..
SBY 13:31:59 [freelist] engine_0: ##   0:00:11  Status: passed
SBY 13:32:00 [freelist] engine_0: finished (returncode=0)
SBY 13:32:00 [freelist] engine_0: Status returned by engine: pass
SBY 13:32:00 [freelist] summary: Elapsed clock time [H:MM:SS (secs)]: 0:00:11 (11)
SBY 13:32:00 [freelist] summary: Elapsed process time [H:MM:SS (secs)]: 0:00:10 (10)
SBY 13:32:00 [freelist] summary: engine_0 (smtbmc z3) returned pass
SBY 13:32:00 [freelist] summary: engine_0 did not produce any traces
SBY 13:32:00 [freelist] DONE (PASS, rc=0)
